待生成 630 个文件（3 种音色，语速 -25%）
  [ERR] zh-CN-XiaoyouNeural 李白-静夜思: No audio was received. Please verify that your parameters are correct.
  [ERR] zh-CN-XiaoyouNeural 李白-望庐山瀑布: No audio was received. Please verify that your parameters are correct.
  [ERR] zh-CN-XiaoyouNeural 李白-赠汪伦: No audio was received. Please verify that your parameters are correct.
  [ERR] zh-CN-XiaoyouNeural 李白-早发白帝城: No audio was received. Please verify that your parameters are correct.
  [ERR] zh-CN-XiaoyouNeural 李白-黄鹤楼送孟浩然之广陵: No audio was received. Please verify that your parameters are correct.
  [ERR] zh-CN-XiaoyouNeural 李白-月下独酌: No audio was received. Please verify that your parameters are correct.
  [ERR] zh-CN-XiaoyouNeural 李白-行路难: No audio was received. Please verify that your parameters are correct.
  [ERR] zh-CN-XiaoyouNeural 李白-将进酒: No audio was received. Please verify that your parameters are correct.
  [ERR] zh-CN-XiaoyouNeural 李白-夜宿山寺: No audio was received. Please verify that your parameters are correct.
  [ERR] zh-CN-XiaoyouNeural 李白-独坐敬亭山: No audio was received. Please verify that your parameters are correct.
  [ERR] zh-CN-XiaoyouNeural 李白-秋浦歌十七首·其十五: No audio was received. Please verify that your parameters are correct.
  [ERR] zh-CN-XiaoyouNeural 李白-古朗月行: No audio was received. Please verify that your parameters are correct.
  [ERR] zh-CN-XiaoyouNeural 李白-春夜洛城闻笛: No audio was received. Please verify that your parameters are correct.
  [ERR] zh-CN-XiaoyouNeural 李白-望天门山: No audio was received. Please verify that your parameters are correct.
  [ERR] zh-CN-XiaoyouNeural 李白-闻王昌龄左迁龙标遥有此寄: No audio was received. Please verify that your parameters are correct.
  [ERR] zh-CN-XiaoyouNeural 李白-峨眉山月歌: No audio was received. Please verify that your parameters are correct.
  [ERR] zh-CN-XiaoyouNeural 李白-渡荆门送别: No audio was received. Please verify that your parameters are correct.
  [ERR] zh-CN-XiaoyouNeural 李白-送友人: No audio was received. Please verify that your parameters are correct.
  [ERR] zh-CN-XiaoyouNeural 李白-宣州谢朓楼饯别校书叔云: No audio was received. Please verify that your parameters are correct.
  [ERR] zh-CN-XiaoyouNeural 李白-长相思: No audio was received. Please verify that your parameters are correct.
  [ERR] zh-CN-XiaoyouNeural 杜甫-春望: No audio was received. Please verify that your parameters are correct.
  [ERR] zh-CN-XiaoyouNeural 杜甫-春夜喜雨: No audio was received. Please verify that your parameters are correct.
  [ERR] zh-CN-XiaoyouNeural 杜甫-望岳: No audio was received. Please verify that your parameters are correct.
  [ERR] zh-CN-XiaoyouNeural 杜甫-绝句: No audio was received. Please verify that your parameters are correct.
  [ERR] zh-CN-XiaoyouNeural 杜甫-登高: No audio was received. Please verify that your parameters are correct.
  [ERR] zh-CN-XiaoyouNeural 杜甫-江畔独步寻花: No audio was received. Please verify that your parameters are correct.
  [ERR] zh-CN-XiaoyouNeural 杜甫-月夜忆舍弟: No audio was received. Please verify that your parameters are correct.
  [ERR] zh-CN-XiaoyouNeural 杜甫-蜀相: No audio was received. Please verify that your parameters are correct.
  [ERR] zh-CN-XiaoyouNeural 杜甫-赠花卿: No audio was received. Please verify that your parameters are correct.
  [ERR] zh-CN-XiaoyouNeural 杜甫-江南逢李龟年: No audio was received. Please verify that your parameters are correct.
  [ERR] zh-CN-XiaoyouNeural 杜甫-旅夜书怀: No audio was received. Please verify that your parameters are correct.
  [ERR] zh-CN-XiaoyouNeural 杜甫-八阵图: No audio was received. Please verify that your parameters are correct.
  [ERR] zh-CN-XiaoyouNeural 杜甫-前出塞九首·其六: No audio was received. Please verify that your parameters are correct.
  [ERR] zh-CN-XiaoyouNeural 杜甫-绝句二首: No audio was received. Please verify that your parameters are correct.
  [ERR] zh-CN-XiaoyouNeural 杜甫-茅屋为秋风所破歌: No audio was received. Please verify that your parameters are correct.
  [ERR] zh-CN-XiaoyouNeural 杜甫-石壕吏: No audio was received. Please verify that your parameters are correct.
  [ERR] zh-CN-XiaoyouNeural 杜甫-兵车行: No audio was received. Please verify that your parameters are correct.
  [ERR] zh-CN-XiaoyouNeural 杜甫-丽人行: No audio was received. Please verify that your parameters are correct.
  [ERR] zh-CN-XiaoyouNeural 杜甫-哀江头: No audio was received. Please verify that your parameters are correct.
  [ERR] zh-CN-XiaoyouNeural 杜甫-哀王孙: No audio was received. Please verify that your parameters are correct.
  [ERR] zh-CN-XiaoyouNeural 王维-相思: No audio was received. Please verify that your parameters are correct.
  [ERR] zh-CN-XiaoyouNeural 王维-鹿柴: No audio was received. Please verify that your parameters are correct.
  [ERR] zh-CN-XiaoyouNeural 王维-竹里馆: No audio was received. Please verify that your parameters are correct.
  [ERR] zh-CN-XiaoyouNeural 王维-送元二使安西: No audio was received. Please verify that your parameters are correct.
  [ERR] zh-CN-XiaoyouNeural 王维-九月九日忆山东兄弟: No audio was received. Please verify that your parameters are correct.
  [ERR] zh-CN-XiaoyouNeural 王维-山居秋暝: No audio was received. Please verify that your parameters are correct.
  [ERR] zh-CN-XiaoyouNeural 王维-鸟鸣涧: No audio was received. Please verify that your parameters are correct.
  [ERR] zh-CN-XiaoyouNeural 王维-画: No audio was received. Please verify that your parameters are correct.
  [ERR] zh-CN-XiaoyouNeural 王维-杂诗: No audio was received. Please verify that your parameters are correct.
  [ERR] zh-CN-XiaoyouNeural 王维-终南别业: No audio was received. Please verify that your parameters are correct.
  [ERR] zh-CN-XiaoyouNeural 王维-使至塞上: No audio was received. Please verify that your parameters are correct.
  [ERR] zh-CN-XiaoyouNeural 王维-渭川田家: No audio was received. Please verify that your parameters are correct.
  [ERR] zh-CN-XiaoyouNeural 王维-青溪: No audio was received. Please verify that your parameters are correct.
  [ERR] zh-CN-XiaoyouNeural 王维-老将行: No audio was received. Please verify that your parameters are correct.
  [ERR] zh-CN-XiaoyouNeural 王维-桃源行: No audio was received. Please verify that your parameters are correct.
  [ERR] zh-CN-XiaoyouNeural 王维-陇西行: No audio was received. Please verify that your parameters are correct.
  [ERR] zh-CN-XiaoyouNeural 王维-少年行: No audio was received. Please verify that your parameters are correct.
  [ERR] zh-CN-XiaoyouNeural 王维-观猎: No audio was received. Please verify that your parameters are correct.
  [ERR] zh-CN-XiaoyouNeural 王维-汉江临眺: No audio was received. Please verify that your parameters are correct.
  [ERR] zh-CN-XiaoyouNeural 王维-积雨辋川庄作: No audio was received. Please verify that your parameters are correct.
  [ERR] zh-CN-XiaoyouNeural 白居易-赋得古原草送别: No audio was received. Please verify that your parameters are correct.
  [ERR] zh-CN-XiaoyouNeural 白居易-忆江南: No audio was received. Please verify that your parameters are correct.
  [ERR] zh-CN-XiaoyouNeural 白居易-暮江吟: No audio was received. Please verify that your parameters are correct.
  [ERR] zh-CN-XiaoyouNeural 白居易-池上: No audio was received. Please verify that your parameters are correct.
  [ERR] zh-CN-XiaoyouNeural 白居易-钱塘湖春行: No audio was received. Please verify that your parameters are correct.
  [ERR] zh-CN-XiaoyouNeural 白居易-问刘十九: No audio was received. Please verify that your parameters are correct.
  [ERR] zh-CN-XiaoyouNeural 白居易-大林寺桃花: No audio was received. Please verify that your parameters are correct.
  [ERR] zh-CN-XiaoyouNeural 白居易-夜雪: No audio was received. Please verify that your parameters are correct.
  [ERR] zh-CN-XiaoyouNeural 白居易-卖炭翁: No audio was received. Please verify that your parameters are correct.
  [ERR] zh-CN-XiaoyouNeural 白居易-长恨歌（节选）: No audio was received. Please verify that your parameters are correct.
  [ERR] zh-CN-XiaoyouNeural 白居易-琵琶行（节选）: No audio was received. Please verify that your parameters are correct.
  [ERR] zh-CN-XiaoyouNeural 白居易-观刈麦: No audio was received. Please verify that your parameters are correct.
  [ERR] zh-CN-XiaoyouNeural 白居易-白云泉: No audio was received. Please verify that your parameters are correct.
  [ERR] zh-CN-XiaoyouNeural 白居易-后宫词: No audio was received. Please verify that your parameters are correct.
  [ERR] zh-CN-XiaoyouNeural 白居易-花非花: No audio was received. Please verify that your parameters are correct.
  [ERR] zh-CN-XiaoyouNeural 白居易-放言五首·其三: No audio was received. Please verify that your parameters are correct.
  [ERR] zh-CN-XiaoyouNeural 白居易-与梦得沽酒闲饮且约后期: No audio was received. Please verify that your parameters are correct.
  [ERR] zh-CN-XiaoyouNeural 白居易-邯郸冬至夜思家: No audio was received. Please verify that your parameters are correct.
  [ERR] zh-CN-XiaoyouNeural 白居易-秋雨夜眠: No audio was received. Please verify that your parameters are correct.
  [ERR] zh-CN-XiaoyouNeural 白居易-舟中读元九诗: No audio was received. Please verify that your parameters are correct.
  [ERR] zh-CN-XiaoyouNeural 李商隐-夜雨寄北: No audio was received. Please verify that your parameters are correct.
  [ERR] zh-CN-XiaoyouNeural 李商隐-登乐游原: No audio was received. Please verify that your parameters are correct.
  [ERR] zh-CN-XiaoyouNeural 李商隐-锦瑟: No audio was received. Please verify that your parameters are correct.
  [ERR] zh-CN-XiaoyouNeural 李商隐-无题: No audio was received. Please verify that your parameters are correct.
  [ERR] zh-CN-XiaoyouNeural 李商隐-嫦娥: No audio was received. Please verify that your parameters are correct.
  [ERR] zh-CN-XiaoyouNeural 李商隐-贾生: No audio was received. Please verify that your parameters are correct.
  [ERR] zh-CN-XiaoyouNeural 李商隐-霜月: No audio was received. Please verify that your parameters are correct.
  [ERR] zh-CN-XiaoyouNeural 李商隐-宿骆氏亭寄怀崔雍崔衮: No audio was received. Please verify that your parameters are correct.
  [ERR] zh-CN-XiaoyouNeural 李商隐-风雨: No audio was received. Please verify that your parameters are correct.
  [ERR] zh-CN-XiaoyouNeural 李商隐-落花: No audio was received. Please verify that your parameters are correct.
  [ERR] zh-CN-XiaoyouNeural 李商隐-凉思: No audio was received. Please verify that your parameters are correct.
  [ERR] zh-CN-XiaoyouNeural 李商隐-北青萝: No audio was received. Please verify that your parameters are correct.
  [ERR] zh-CN-XiaoyouNeural 李商隐-蝉: No audio was received. Please verify that your parameters are correct.
  [ERR] zh-CN-XiaoyouNeural 李商隐-无题二首·其一: No audio was received. Please verify that your parameters are correct.
  [ERR] zh-CN-XiaoyouNeural 李商隐-隋宫: No audio was received. Please verify that your parameters are correct.
  [ERR] zh-CN-XiaoyouNeural 李商隐-马嵬: No audio was received. Please verify that your parameters are correct.
  [ERR] zh-CN-XiaoyouNeural 李商隐-为有: No audio was received. Please verify that your parameters are correct.
  [ERR] zh-CN-XiaoyouNeural 李商隐-瑶池: No audio was received. Please verify that your parameters are correct.
  [ERR] zh-CN-XiaoyouNeural 李商隐-重过圣女祠: No audio was received. Please verify that your parameters are correct.
  [ERR] zh-CN-XiaoyouNeural 李商隐-韩碑: No audio was received. Please verify that your parameters are correct.
  [ERR] zh-CN-XiaoyouNeural 杜牧-清明: No audio was received. Please verify that your parameters are correct.
  [ERR] zh-CN-XiaoyouNeural 杜牧-山行: No audio was received. Please verify that your parameters are correct.
  [ERR] zh-CN-XiaoyouNeural 杜牧-江南春: No audio was received. Please verify that your parameters are correct.
  [ERR] zh-CN-XiaoyouNeural 杜牧-泊秦淮: No audio was received. Please verify that your parameters are correct.
  [ERR] zh-CN-XiaoyouNeural 杜牧-秋夕: No audio was received. Please verify that your parameters are correct.
  [ERR] zh-CN-XiaoyouNeural 杜牧-赤壁: No audio was received. Please verify that your parameters are correct.
  [ERR] zh-CN-XiaoyouNeural 杜牧-赠别: No audio was received. Please verify that your parameters are correct.
  [ERR] zh-CN-XiaoyouNeural 杜牧-寄扬州韩绰判官: No audio was received. Please verify that your parameters are correct.
  [ERR] zh-CN-XiaoyouNeural 杜牧-题乌江亭: No audio was received. Please verify that your parameters are correct.
  [ERR] zh-CN-XiaoyouNeural 杜牧-过华清宫: No audio was received. Please verify that your parameters are correct.
  [ERR] zh-CN-XiaoyouNeural 杜牧-金谷园: No audio was received. Please verify that your parameters are correct.
  [ERR] zh-CN-XiaoyouNeural 杜牧-遣怀: No audio was received. Please verify that your parameters are correct.
  [ERR] zh-CN-XiaoyouNeural 杜牧-叹花: No audio was received. Please verify that your parameters are correct.
  [ERR] zh-CN-XiaoyouNeural 杜牧-紫薇花: No audio was received. Please verify that your parameters are correct.
  [ERR] zh-CN-XiaoyouNeural 杜牧-齐安郡后池绝句: No audio was received. Please verify that your parameters are correct.
  [ERR] zh-CN-XiaoyouNeural 杜牧-题齐安城楼: No audio was received. Please verify that your parameters are correct.
  [ERR] zh-CN-XiaoyouNeural 杜牧-初冬夜饮: No audio was received. Please verify that your parameters are correct.
  [ERR] zh-CN-XiaoyouNeural 杜牧-屏风绝句: No audio was received. Please verify that your parameters are correct.
  [ERR] zh-CN-XiaoyouNeural 杜牧-念昔游三首·其一: Cannot connect to host speech.platform.bing.com:443 ssl:<ssl.SSLContext object at 0x000002627DE0D8C0> [None]
  [ERR] zh-CN-XiaoyouNeural 杜牧-题木兰庙: No audio was received. Please verify that your parameters are correct.
  [ERR] zh-CN-XiaoyouNeural 孟浩然-春晓: No audio was received. Please verify that your parameters are correct.
  [ERR] zh-CN-XiaoyouNeural 孟浩然-过故人庄: No audio was received. Please verify that your parameters are correct.
  [ERR] zh-CN-XiaoyouNeural 孟浩然-宿建德江: No audio was received. Please verify that your parameters are correct.
  [ERR] zh-CN-XiaoyouNeural 孟浩然-望洞庭湖赠张丞相: No audio was received. Please verify that your parameters are correct.
  [ERR] zh-CN-XiaoyouNeural 孟浩然-夜归鹿门歌: No audio was received. Please verify that your parameters are correct.
  [ERR] zh-CN-XiaoyouNeural 孟浩然-与诸子登岘山: No audio was received. Please verify that your parameters are correct.
  [ERR] zh-CN-XiaoyouNeural 孟浩然-夏日南亭怀辛大: No audio was received. Please verify that your parameters are correct.
  [ERR] zh-CN-XiaoyouNeural 孟浩然-岁暮归南山: No audio was received. Please verify that your parameters are correct.
  [ERR] zh-CN-XiaoyouNeural 孟浩然-留别王维: No audio was received. Please verify that your parameters are correct.
  [ERR] zh-CN-XiaoyouNeural 孟浩然-秋登兰山寄张五: No audio was received. Please verify that your parameters are correct.
  [ERR] zh-CN-XiaoyouNeural 孟浩然-宿桐庐江寄广陵旧游: No audio was received. Please verify that your parameters are correct.
  [ERR] zh-CN-XiaoyouNeural 孟浩然-早寒江上有怀: Cannot connect to host speech.platform.bing.com:443 ssl:<ssl.SSLContext object at 0x000002627DE0D8C0> [None]
  [ERR] zh-CN-XiaoyouNeural 孟浩然-题大禹寺义公禅房: No audio was received. Please verify that your parameters are correct.
  [ERR] zh-CN-XiaoyouNeural 孟浩然-宿业师山房期丁大不至: No audio was received. Please verify that your parameters are correct.
  [ERR] zh-CN-XiaoyouNeural 孟浩然-秦中寄远上人: No audio was received. Please verify that your parameters are correct.
  [ERR] zh-CN-XiaoyouNeural 孟浩然-洛中访袁拾遗不遇: No audio was received. Please verify that your parameters are correct.
  [ERR] zh-CN-XiaoyouNeural 孟浩然-送杜十四之江南: No audio was received. Please verify that your parameters are correct.
  [ERR] zh-CN-XiaoyouNeural 孟浩然-渡浙江问舟中人: No audio was received. Please verify that your parameters are correct.
  [ERR] zh-CN-XiaoyouNeural 孟浩然-送朱大入秦: No audio was received. Please verify that your parameters are correct.
  [ERR] zh-CN-XiaoyouNeural 孟浩然-送友人之京: No audio was received. Please verify that your parameters are correct.
  [ERR] zh-CN-XiaoyouNeural 王之涣-登鹳雀楼: No audio was received. Please verify that your parameters are correct.
  [ERR] zh-CN-XiaoyouNeural 王之涣-凉州词: No audio was received. Please verify that your parameters are correct.
  [ERR] zh-CN-XiaoyouNeural 王之涣-送别: No audio was received. Please verify that your parameters are correct.
  [ERR] zh-CN-XiaoyouNeural 王之涣-宴词: No audio was received. Please verify that your parameters are correct.
  [ERR] zh-CN-XiaoyouNeural 王之涣-九日送别: No audio was received. Please verify that your parameters are correct.
  [ERR] zh-CN-XiaoyouNeural 贺知章-咏柳: No audio was received. Please verify that your parameters are correct.
  [ERR] zh-CN-XiaoyouNeural 贺知章-回乡偶书: No audio was received. Please verify that your parameters are correct.
  [ERR] zh-CN-XiaoyouNeural 贺知章-回乡偶书·其二: No audio was received. Please verify that your parameters are correct.
  [ERR] zh-CN-XiaoyouNeural 贺知章-采莲曲: No audio was received. Please verify that your parameters are correct.
  [ERR] zh-CN-XiaoyouNeural 贺知章-答朝士: No audio was received. Please verify that your parameters are correct.
  [ERR] zh-CN-XiaoyouNeural 王昌龄-出塞: No audio was received. Please verify that your parameters are correct.
  [ERR] zh-CN-XiaoyouNeural 王昌龄-芙蓉楼送辛渐: No audio was received. Please verify that your parameters are correct.
  [ERR] zh-CN-XiaoyouNeural 王昌龄-从军行: No audio was received. Please verify that your parameters are correct.
  [ERR] zh-CN-XiaoyouNeural 王昌龄-闺怨: No audio was received. Please verify that your parameters are correct.
  [ERR] zh-CN-XiaoyouNeural 王昌龄-长信怨: No audio was received. Please verify that your parameters are correct.
  [ERR] zh-CN-XiaoyouNeural 王昌龄-采莲曲: No audio was received. Please verify that your parameters are correct.
  [ERR] zh-CN-XiaoyouNeural 王昌龄-塞下曲: No audio was received. Please verify that your parameters are correct.
  [ERR] zh-CN-XiaoyouNeural 王昌龄-送柴侍御: No audio was received. Please verify that your parameters are correct.
  [ERR] zh-CN-XiaoyouNeural 王昌龄-西宫春怨: No audio was received. Please verify that your parameters are correct.
  [ERR] zh-CN-XiaoyouNeural 王昌龄-春宫曲: No audio was received. Please verify that your parameters are correct.
  [ERR] zh-CN-XiaoyouNeural 高适-别董大: No audio was received. Please verify that your parameters are correct.
  [ERR] zh-CN-XiaoyouNeural 高适-燕歌行: No audio was received. Please verify that your parameters are correct.
  [ERR] zh-CN-XiaoyouNeural 高适-塞上听吹笛: No audio was received. Please verify that your parameters are correct.
  [ERR] zh-CN-XiaoyouNeural 高适-除夜作: No audio was received. Please verify that your parameters are correct.
  [ERR] zh-CN-XiaoyouNeural 高适-送李少府贬峡中王少府贬长沙: No audio was received. Please verify that your parameters are correct.
  [ERR] zh-CN-XiaoyouNeural 高适-营州歌: No audio was received. Please verify that your parameters are correct.
  [ERR] zh-CN-XiaoyouNeural 高适-和王七玉门关听吹笛: No audio was received. Please verify that your parameters are correct.
  [ERR] zh-CN-XiaoyouNeural 高适-送李侍御赴安西: No audio was received. Please verify that your parameters are correct.
  [ERR] zh-CN-XiaoyouNeural 高适-醉后赠张九旭: No audio was received. Please verify that your parameters are correct.
  [ERR] zh-CN-XiaoyouNeural 高适-人日寄杜二拾遗: No audio was received. Please verify that your parameters are correct.
  [ERR] zh-CN-XiaoyouNeural 岑参-白雪歌送武判官归京: No audio was received. Please verify that your parameters are correct.
  [ERR] zh-CN-XiaoyouNeural 岑参-逢入京使: No audio was received. Please verify that your parameters are correct.
  [ERR] zh-CN-XiaoyouNeural 岑参-走马川行奉送出师西征: No audio was received. Please verify that your parameters are correct.
  [ERR] zh-CN-XiaoyouNeural 岑参-碛中作: No audio was received. Please verify that your parameters are correct.
  [ERR] zh-CN-XiaoyouNeural 岑参-山房春事: No audio was received. Please verify that your parameters are correct.
  [ERR] zh-CN-XiaoyouNeural 岑参-春梦: No audio was received. Please verify that your parameters are correct.
  [ERR] zh-CN-XiaoyouNeural 岑参-寄左省杜拾遗: No audio was received. Please verify that your parameters are correct.
  [ERR] zh-CN-XiaoyouNeural 岑参-和贾舍人早朝大明宫之作: No audio was received. Please verify that your parameters are correct.
  [ERR] zh-CN-XiaoyouNeural 岑参-轮台歌奉送封大夫出师西征: No audio was received. Please verify that your parameters are correct.
  [ERR] zh-CN-XiaoyouNeural 岑参-热海行送崔侍御还京: No audio was received. Please verify that your parameters are correct.
  [ERR] zh-CN-XiaoyouNeural 刘禹锡-秋词: No audio was received. Please verify that your parameters are correct.
  [ERR] zh-CN-XiaoyouNeural 刘禹锡-乌衣巷: No audio was received. Please verify that your parameters are correct.
  [ERR] zh-CN-XiaoyouNeural 刘禹锡-竹枝词: No audio was received. Please verify that your parameters are correct.
  [ERR] zh-CN-XiaoyouNeural 刘禹锡-酬乐天扬州初逢席上见赠: No audio was received. Please verify that your parameters are correct.
  [ERR] zh-CN-XiaoyouNeural 刘禹锡-浪淘沙: No audio was received. Please verify that your parameters are correct.
  [ERR] zh-CN-XiaoyouNeural 刘禹锡-望洞庭: No audio was received. Please verify that your parameters are correct.
  [ERR] zh-CN-XiaoyouNeural 刘禹锡-石头城: No audio was received. Please verify that your parameters are correct.
  [ERR] zh-CN-XiaoyouNeural 刘禹锡-蜀先主庙: No audio was received. Please verify that your parameters are correct.
  [ERR] zh-CN-XiaoyouNeural 刘禹锡-再游玄都观: No audio was received. Please verify that your parameters are correct.
  [ERR] zh-CN-XiaoyouNeural 刘禹锡-赏牡丹: No audio was received. Please verify that your parameters are correct.
  [ERR] zh-CN-XiaoyouNeural 柳宗元-江雪: No audio was received. Please verify that your parameters are correct.
  [ERR] zh-CN-XiaoyouNeural 柳宗元-渔翁: No audio was received. Please verify that your parameters are correct.
  [ERR] zh-CN-XiaoyouNeural 柳宗元-登柳州城楼寄漳汀封连四州刺史: No audio was received. Please verify that your parameters are correct.
  [ERR] zh-CN-XiaoyouNeural 柳宗元-与浩初上人同看山寄京华亲故: No audio was received. Please verify that your parameters are correct.
  [ERR] zh-CN-XiaoyouNeural 柳宗元-别舍弟宗一: No audio was received. Please verify that your parameters are correct.
  [ERR] zh-CN-XiaoyouNeural 柳宗元-岭南江行: No audio was received. Please verify that your parameters are correct.
  [ERR] zh-CN-XiaoyouNeural 柳宗元-溪居: No audio was received. Please verify that your parameters are correct.
  [ERR] zh-CN-XiaoyouNeural 柳宗元-晨诣超师院读禅经: No audio was received. Please verify that your parameters are correct.
  [ERR] zh-CN-XiaoyouNeural 柳宗元-酬曹侍御过象县见寄: No audio was received. Please verify that your parameters are correct.
  [ERR] zh-CN-XiaoyouNeural 柳宗元-柳州二月榕叶落尽偶题: No audio was received. Please verify that your parameters are correct.
  [ERR] zh-CN-XiaoyouNeural 韩愈-早春呈水部张十八员外: No audio was received. Please verify that your parameters are correct.
  [ERR] zh-CN-XiaoyouNeural 韩愈-春雪: No audio was received. Please verify that your parameters are correct.
  [ERR] zh-CN-XiaoyouNeural 韩愈-左迁至蓝关示侄孙湘: No audio was received. Please verify that your parameters are correct.
  [ERR] zh-CN-XiaoyouNeural 韩愈-晚春: No audio was received. Please verify that your parameters are correct.
  [ERR] zh-CN-XiaoyouNeural 韩愈-题榴花: No audio was received. Please verify that your parameters are correct.
  [ERR] zh-CN-XiaoyouNeural 韩愈-湘中: No audio was received. Please verify that your parameters are correct.
  [ERR] zh-CN-XiaoyouNeural 韩愈-答张十一: No audio was received. Please verify that your parameters are correct.
  [ERR] zh-CN-XiaoyouNeural 韩愈-题木居士二首·其一: No audio was received. Please verify that your parameters are correct.
  [ERR] zh-CN-XiaoyouNeural 韩愈-听颖师弹琴: No audio was received. Please verify that your parameters are correct.
  [ERR] zh-CN-XiaoyouNeural 韩愈-山石: No audio was received. Please verify that your parameters are correct.
  [ERR] zh-CN-XiaoshuangNeural 李白-静夜思: No audio was received. Please verify that your parameters are correct.
  [ERR] zh-CN-XiaoshuangNeural 李白-望庐山瀑布: No audio was received. Please verify that your parameters are correct.
  [ERR] zh-CN-XiaoshuangNeural 李白-赠汪伦: No audio was received. Please verify that your parameters are correct.
  [ERR] zh-CN-XiaoshuangNeural 李白-早发白帝城: No audio was received. Please verify that your parameters are correct.
  [ERR] zh-CN-XiaoshuangNeural 李白-黄鹤楼送孟浩然之广陵: No audio was received. Please verify that your parameters are correct.
  [ERR] zh-CN-XiaoshuangNeural 李白-月下独酌: No audio was received. Please verify that your parameters are correct.
  [ERR] zh-CN-XiaoshuangNeural 李白-行路难: No audio was received. Please verify that your parameters are correct.
  [ERR] zh-CN-XiaoshuangNeural 李白-将进酒: No audio was received. Please verify that your parameters are correct.
  [ERR] zh-CN-XiaoshuangNeural 李白-夜宿山寺: No audio was received. Please verify that your parameters are correct.
  [ERR] zh-CN-XiaoshuangNeural 李白-独坐敬亭山: No audio was received. Please verify that your parameters are correct.
  [ERR] zh-CN-XiaoshuangNeural 李白-秋浦歌十七首·其十五: No audio was received. Please verify that your parameters are correct.
  [ERR] zh-CN-XiaoshuangNeural 李白-古朗月行: No audio was received. Please verify that your parameters are correct.
  [ERR] zh-CN-XiaoshuangNeural 李白-春夜洛城闻笛: No audio was received. Please verify that your parameters are correct.
  [ERR] zh-CN-XiaoshuangNeural 李白-望天门山: No audio was received. Please verify that your parameters are correct.
  [ERR] zh-CN-XiaoshuangNeural 李白-闻王昌龄左迁龙标遥有此寄: No audio was received. Please verify that your parameters are correct.
  [ERR] zh-CN-XiaoshuangNeural 李白-峨眉山月歌: No audio was received. Please verify that your parameters are correct.
  [ERR] zh-CN-XiaoshuangNeural 李白-渡荆门送别: No audio was received. Please verify that your parameters are correct.
  [ERR] zh-CN-XiaoshuangNeural 李白-送友人: No audio was received. Please verify that your parameters are correct.
  [ERR] zh-CN-XiaoshuangNeural 李白-宣州谢朓楼饯别校书叔云: No audio was received. Please verify that your parameters are correct.
  [ERR] zh-CN-XiaoshuangNeural 李白-长相思: No audio was received. Please verify that your parameters are correct.
  [ERR] zh-CN-XiaoshuangNeural 杜甫-春望: No audio was received. Please verify that your parameters are correct.
  [ERR] zh-CN-XiaoshuangNeural 杜甫-春夜喜雨: No audio was received. Please verify that your parameters are correct.
  [ERR] zh-CN-XiaoshuangNeural 杜甫-望岳: No audio was received. Please verify that your parameters are correct.
  [ERR] zh-CN-XiaoshuangNeural 杜甫-绝句: No audio was received. Please verify that your parameters are correct.
  [ERR] zh-CN-XiaoshuangNeural 杜甫-登高: No audio was received. Please verify that your parameters are correct.
  [ERR] zh-CN-XiaoshuangNeural 杜甫-江畔独步寻花: No audio was received. Please verify that your parameters are correct.
  [ERR] zh-CN-XiaoshuangNeural 杜甫-月夜忆舍弟: No audio was received. Please verify that your parameters are correct.
  [ERR] zh-CN-XiaoshuangNeural 杜甫-蜀相: No audio was received. Please verify that your parameters are correct.
  [ERR] zh-CN-XiaoshuangNeural 杜甫-赠花卿: No audio was received. Please verify that your parameters are correct.
  [ERR] zh-CN-XiaoshuangNeural 杜甫-江南逢李龟年: No audio was received. Please verify that your parameters are correct.
  [ERR] zh-CN-XiaoshuangNeural 杜甫-旅夜书怀: No audio was received. Please verify that your parameters are correct.
  [ERR] zh-CN-XiaoshuangNeural 杜甫-八阵图: No audio was received. Please verify that your parameters are correct.
  [ERR] zh-CN-XiaoshuangNeural 杜甫-前出塞九首·其六: No audio was received. Please verify that your parameters are correct.
  [ERR] zh-CN-XiaoshuangNeural 杜甫-绝句二首: No audio was received. Please verify that your parameters are correct.
  [ERR] zh-CN-XiaoshuangNeural 杜甫-茅屋为秋风所破歌: No audio was received. Please verify that your parameters are correct.
  [ERR] zh-CN-XiaoshuangNeural 杜甫-石壕吏: No audio was received. Please verify that your parameters are correct.
  [ERR] zh-CN-XiaoshuangNeural 杜甫-兵车行: No audio was received. Please verify that your parameters are correct.
  [ERR] zh-CN-XiaoshuangNeural 杜甫-丽人行: No audio was received. Please verify that your parameters are correct.
  [ERR] zh-CN-XiaoshuangNeural 杜甫-哀江头: No audio was received. Please verify that your parameters are correct.
  [ERR] zh-CN-XiaoshuangNeural 杜甫-哀王孙: No audio was received. Please verify that your parameters are correct.
  [ERR] zh-CN-XiaoshuangNeural 王维-相思: No audio was received. Please verify that your parameters are correct.
  [ERR] zh-CN-XiaoshuangNeural 王维-鹿柴: No audio was received. Please verify that your parameters are correct.
  [ERR] zh-CN-XiaoshuangNeural 王维-竹里馆: No audio was received. Please verify that your parameters are correct.
  [ERR] zh-CN-XiaoshuangNeural 王维-送元二使安西: No audio was received. Please verify that your parameters are correct.
  [ERR] zh-CN-XiaoshuangNeural 王维-九月九日忆山东兄弟: No audio was received. Please verify that your parameters are correct.
  [ERR] zh-CN-XiaoshuangNeural 王维-山居秋暝: No audio was received. Please verify that your parameters are correct.
  [ERR] zh-CN-XiaoshuangNeural 王维-鸟鸣涧: No audio was received. Please verify that your parameters are correct.
  [ERR] zh-CN-XiaoshuangNeural 王维-画: No audio was received. Please verify that your parameters are correct.
  [ERR] zh-CN-XiaoshuangNeural 王维-杂诗: No audio was received. Please verify that your parameters are correct.
  [ERR] zh-CN-XiaoshuangNeural 王维-终南别业: No audio was received. Please verify that your parameters are correct.
  [ERR] zh-CN-XiaoshuangNeural 王维-使至塞上: No audio was received. Please verify that your parameters are correct.
  [ERR] zh-CN-XiaoshuangNeural 王维-渭川田家: No audio was received. Please verify that your parameters are correct.
  [ERR] zh-CN-XiaoshuangNeural 王维-青溪: No audio was received. Please verify that your parameters are correct.
  [ERR] zh-CN-XiaoshuangNeural 王维-老将行: No audio was received. Please verify that your parameters are correct.
  [ERR] zh-CN-XiaoshuangNeural 王维-桃源行: No audio was received. Please verify that your parameters are correct.
  [ERR] zh-CN-XiaoshuangNeural 王维-陇西行: No audio was received. Please verify that your parameters are correct.
  [ERR] zh-CN-XiaoshuangNeural 王维-少年行: No audio was received. Please verify that your parameters are correct.
  [ERR] zh-CN-XiaoshuangNeural 王维-观猎: No audio was received. Please verify that your parameters are correct.
  [ERR] zh-CN-XiaoshuangNeural 王维-汉江临眺: No audio was received. Please verify that your parameters are correct.
  [ERR] zh-CN-XiaoshuangNeural 王维-积雨辋川庄作: No audio was received. Please verify that your parameters are correct.
  [ERR] zh-CN-XiaoshuangNeural 白居易-赋得古原草送别: No audio was received. Please verify that your parameters are correct.
  [ERR] zh-CN-XiaoshuangNeural 白居易-忆江南: No audio was received. Please verify that your parameters are correct.
  [ERR] zh-CN-XiaoshuangNeural 白居易-暮江吟: No audio was received. Please verify that your parameters are correct.
  [ERR] zh-CN-XiaoshuangNeural 白居易-池上: No audio was received. Please verify that your parameters are correct.
  [ERR] zh-CN-XiaoshuangNeural 白居易-钱塘湖春行: No audio was received. Please verify that your parameters are correct.
  [ERR] zh-CN-XiaoshuangNeural 白居易-问刘十九: No audio was received. Please verify that your parameters are correct.
  [ERR] zh-CN-XiaoshuangNeural 白居易-大林寺桃花: No audio was received. Please verify that your parameters are correct.
  [ERR] zh-CN-XiaoshuangNeural 白居易-夜雪: No audio was received. Please verify that your parameters are correct.
  [ERR] zh-CN-XiaoshuangNeural 白居易-卖炭翁: No audio was received. Please verify that your parameters are correct.
  [ERR] zh-CN-XiaoshuangNeural 白居易-长恨歌（节选）: No audio was received. Please verify that your parameters are correct.
  [ERR] zh-CN-XiaoshuangNeural 白居易-琵琶行（节选）: No audio was received. Please verify that your parameters are correct.
  [ERR] zh-CN-XiaoshuangNeural 白居易-观刈麦: No audio was received. Please verify that your parameters are correct.
  [ERR] zh-CN-XiaoshuangNeural 白居易-白云泉: Cannot connect to host speech.platform.bing.com:443 ssl:<ssl.SSLContext object at 0x000002627DE0D8C0> [None]
  [ERR] zh-CN-XiaoshuangNeural 白居易-后宫词: No audio was received. Please verify that your parameters are correct.
  [ERR] zh-CN-XiaoshuangNeural 白居易-花非花: No audio was received. Please verify that your parameters are correct.
  [ERR] zh-CN-XiaoshuangNeural 白居易-放言五首·其三: No audio was received. Please verify that your parameters are correct.
  [ERR] zh-CN-XiaoshuangNeural 白居易-与梦得沽酒闲饮且约后期: No audio was received. Please verify that your parameters are correct.
  [ERR] zh-CN-XiaoshuangNeural 白居易-邯郸冬至夜思家: No audio was received. Please verify that your parameters are correct.
  [ERR] zh-CN-XiaoshuangNeural 白居易-秋雨夜眠: No audio was received. Please verify that your parameters are correct.
  [ERR] zh-CN-XiaoshuangNeural 白居易-舟中读元九诗: No audio was received. Please verify that your parameters are correct.
  [ERR] zh-CN-XiaoshuangNeural 李商隐-夜雨寄北: No audio was received. Please verify that your parameters are correct.
  [ERR] zh-CN-XiaoshuangNeural 李商隐-登乐游原: No audio was received. Please verify that your parameters are correct.
  [ERR] zh-CN-XiaoshuangNeural 李商隐-锦瑟: No audio was received. Please verify that your parameters are correct.
  [ERR] zh-CN-XiaoshuangNeural 李商隐-无题: No audio was received. Please verify that your parameters are correct.
  [ERR] zh-CN-XiaoshuangNeural 李商隐-嫦娥: No audio was received. Please verify that your parameters are correct.
  [ERR] zh-CN-XiaoshuangNeural 李商隐-贾生: No audio was received. Please verify that your parameters are correct.
  [ERR] zh-CN-XiaoshuangNeural 李商隐-霜月: No audio was received. Please verify that your parameters are correct.
  [ERR] zh-CN-XiaoshuangNeural 李商隐-宿骆氏亭寄怀崔雍崔衮: No audio was received. Please verify that your parameters are correct.
  [ERR] zh-CN-XiaoshuangNeural 李商隐-风雨: No audio was received. Please verify that your parameters are correct.
  [ERR] zh-CN-XiaoshuangNeural 李商隐-落花: No audio was received. Please verify that your parameters are correct.
  [ERR] zh-CN-XiaoshuangNeural 李商隐-凉思: No audio was received. Please verify that your parameters are correct.
  [ERR] zh-CN-XiaoshuangNeural 李商隐-北青萝: No audio was received. Please verify that your parameters are correct.
  [ERR] zh-CN-XiaoshuangNeural 李商隐-蝉: No audio was received. Please verify that your parameters are correct.
  [ERR] zh-CN-XiaoshuangNeural 李商隐-无题二首·其一: No audio was received. Please verify that your parameters are correct.
  [ERR] zh-CN-XiaoshuangNeural 李商隐-隋宫: No audio was received. Please verify that your parameters are correct.
  [ERR] zh-CN-XiaoshuangNeural 李商隐-马嵬: No audio was received. Please verify that your parameters are correct.
  [ERR] zh-CN-XiaoshuangNeural 李商隐-为有: No audio was received. Please verify that your parameters are correct.
  [ERR] zh-CN-XiaoshuangNeural 李商隐-瑶池: No audio was received. Please verify that your parameters are correct.
  [ERR] zh-CN-XiaoshuangNeural 李商隐-重过圣女祠: No audio was received. Please verify that your parameters are correct.
  [ERR] zh-CN-XiaoshuangNeural 李商隐-韩碑: No audio was received. Please verify that your parameters are correct.
  [ERR] zh-CN-XiaoshuangNeural 杜牧-清明: No audio was received. Please verify that your parameters are correct.
  [ERR] zh-CN-XiaoshuangNeural 杜牧-山行: No audio was received. Please verify that your parameters are correct.
  [ERR] zh-CN-XiaoshuangNeural 杜牧-江南春: No audio was received. Please verify that your parameters are correct.
  [ERR] zh-CN-XiaoshuangNeural 杜牧-泊秦淮: No audio was received. Please verify that your parameters are correct.
  [ERR] zh-CN-XiaoshuangNeural 杜牧-秋夕: No audio was received. Please verify that your parameters are correct.
  [ERR] zh-CN-XiaoshuangNeural 杜牧-赤壁: No audio was received. Please verify that your parameters are correct.
  [ERR] zh-CN-XiaoshuangNeural 杜牧-赠别: No audio was received. Please verify that your parameters are correct.
  [ERR] zh-CN-XiaoshuangNeural 杜牧-寄扬州韩绰判官: No audio was received. Please verify that your parameters are correct.
  [ERR] zh-CN-XiaoshuangNeural 杜牧-题乌江亭: No audio was received. Please verify that your parameters are correct.
  [ERR] zh-CN-XiaoshuangNeural 杜牧-过华清宫: No audio was received. Please verify that your parameters are correct.
  [ERR] zh-CN-XiaoshuangNeural 杜牧-金谷园: No audio was received. Please verify that your parameters are correct.
  [ERR] zh-CN-XiaoshuangNeural 杜牧-遣怀: No audio was received. Please verify that your parameters are correct.
  [ERR] zh-CN-XiaoshuangNeural 杜牧-叹花: No audio was received. Please verify that your parameters are correct.
  [ERR] zh-CN-XiaoshuangNeural 杜牧-紫薇花: No audio was received. Please verify that your parameters are correct.
  [ERR] zh-CN-XiaoshuangNeural 杜牧-齐安郡后池绝句: No audio was received. Please verify that your parameters are correct.
  [ERR] zh-CN-XiaoshuangNeural 杜牧-题齐安城楼: No audio was received. Please verify that your parameters are correct.
  [ERR] zh-CN-XiaoshuangNeural 杜牧-初冬夜饮: No audio was received. Please verify that your parameters are correct.
  [ERR] zh-CN-XiaoshuangNeural 杜牧-屏风绝句: No audio was received. Please verify that your parameters are correct.
  [ERR] zh-CN-XiaoshuangNeural 杜牧-念昔游三首·其一: No audio was received. Please verify that your parameters are correct.
  [ERR] zh-CN-XiaoshuangNeural 杜牧-题木兰庙: No audio was received. Please verify that your parameters are correct.
  [ERR] zh-CN-XiaoshuangNeural 孟浩然-春晓: No audio was received. Please verify that your parameters are correct.
  [ERR] zh-CN-XiaoshuangNeural 孟浩然-过故人庄: No audio was received. Please verify that your parameters are correct.
  [ERR] zh-CN-XiaoshuangNeural 孟浩然-宿建德江: No audio was received. Please verify that your parameters are correct.
  [ERR] zh-CN-XiaoshuangNeural 孟浩然-望洞庭湖赠张丞相: No audio was received. Please verify that your parameters are correct.
  [ERR] zh-CN-XiaoshuangNeural 孟浩然-夜归鹿门歌: No audio was received. Please verify that your parameters are correct.
  [ERR] zh-CN-XiaoshuangNeural 孟浩然-与诸子登岘山: No audio was received. Please verify that your parameters are correct.
  [ERR] zh-CN-XiaoshuangNeural 孟浩然-夏日南亭怀辛大: No audio was received. Please verify that your parameters are correct.
  [ERR] zh-CN-XiaoshuangNeural 孟浩然-岁暮归南山: No audio was received. Please verify that your parameters are correct.
  [ERR] zh-CN-XiaoshuangNeural 孟浩然-留别王维: No audio was received. Please verify that your parameters are correct.
  [ERR] zh-CN-XiaoshuangNeural 孟浩然-秋登兰山寄张五: No audio was received. Please verify that your parameters are correct.
  [ERR] zh-CN-XiaoshuangNeural 孟浩然-宿桐庐江寄广陵旧游: No audio was received. Please verify that your parameters are correct.
  [ERR] zh-CN-XiaoshuangNeural 孟浩然-早寒江上有怀: No audio was received. Please verify that your parameters are correct.
  [ERR] zh-CN-XiaoshuangNeural 孟浩然-题大禹寺义公禅房: No audio was received. Please verify that your parameters are correct.
  [ERR] zh-CN-XiaoshuangNeural 孟浩然-宿业师山房期丁大不至: No audio was received. Please verify that your parameters are correct.
  [ERR] zh-CN-XiaoshuangNeural 孟浩然-秦中寄远上人: No audio was received. Please verify that your parameters are correct.
  [ERR] zh-CN-XiaoshuangNeural 孟浩然-洛中访袁拾遗不遇: No audio was received. Please verify that your parameters are correct.
  [ERR] zh-CN-XiaoshuangNeural 孟浩然-送杜十四之江南: No audio was received. Please verify that your parameters are correct.
  [ERR] zh-CN-XiaoshuangNeural 孟浩然-渡浙江问舟中人: No audio was received. Please verify that your parameters are correct.
  [ERR] zh-CN-XiaoshuangNeural 孟浩然-送朱大入秦: No audio was received. Please verify that your parameters are correct.
  [ERR] zh-CN-XiaoshuangNeural 孟浩然-送友人之京: No audio was received. Please verify that your parameters are correct.
  [ERR] zh-CN-XiaoshuangNeural 王之涣-登鹳雀楼: No audio was received. Please verify that your parameters are correct.
  [ERR] zh-CN-XiaoshuangNeural 王之涣-凉州词: No audio was received. Please verify that your parameters are correct.
  [ERR] zh-CN-XiaoshuangNeural 王之涣-送别: No audio was received. Please verify that your parameters are correct.
  [ERR] zh-CN-XiaoshuangNeural 王之涣-宴词: No audio was received. Please verify that your parameters are correct.
  [ERR] zh-CN-XiaoshuangNeural 王之涣-九日送别: No audio was received. Please verify that your parameters are correct.
  [ERR] zh-CN-XiaoshuangNeural 贺知章-咏柳: No audio was received. Please verify that your parameters are correct.
  [ERR] zh-CN-XiaoshuangNeural 贺知章-回乡偶书: No audio was received. Please verify that your parameters are correct.
  [ERR] zh-CN-XiaoshuangNeural 贺知章-回乡偶书·其二: No audio was received. Please verify that your parameters are correct.
  [ERR] zh-CN-XiaoshuangNeural 贺知章-采莲曲: No audio was received. Please verify that your parameters are correct.
  [ERR] zh-CN-XiaoshuangNeural 贺知章-答朝士: No audio was received. Please verify that your parameters are correct.
  [ERR] zh-CN-XiaoshuangNeural 王昌龄-出塞: No audio was received. Please verify that your parameters are correct.
  [ERR] zh-CN-XiaoshuangNeural 王昌龄-芙蓉楼送辛渐: No audio was received. Please verify that your parameters are correct.
  [ERR] zh-CN-XiaoshuangNeural 王昌龄-从军行: No audio was received. Please verify that your parameters are correct.
  [ERR] zh-CN-XiaoshuangNeural 王昌龄-闺怨: No audio was received. Please verify that your parameters are correct.
  [ERR] zh-CN-XiaoshuangNeural 王昌龄-长信怨: No audio was received. Please verify that your parameters are correct.
  [ERR] zh-CN-XiaoshuangNeural 王昌龄-采莲曲: No audio was received. Please verify that your parameters are correct.
  [ERR] zh-CN-XiaoshuangNeural 王昌龄-塞下曲: No audio was received. Please verify that your parameters are correct.
  [ERR] zh-CN-XiaoshuangNeural 王昌龄-送柴侍御: No audio was received. Please verify that your parameters are correct.
  [ERR] zh-CN-XiaoshuangNeural 王昌龄-西宫春怨: No audio was received. Please verify that your parameters are correct.
  [ERR] zh-CN-XiaoshuangNeural 王昌龄-春宫曲: No audio was received. Please verify that your parameters are correct.
  [ERR] zh-CN-XiaoshuangNeural 高适-别董大: No audio was received. Please verify that your parameters are correct.
  [ERR] zh-CN-XiaoshuangNeural 高适-燕歌行: No audio was received. Please verify that your parameters are correct.
  [ERR] zh-CN-XiaoshuangNeural 高适-塞上听吹笛: No audio was received. Please verify that your parameters are correct.
  [ERR] zh-CN-XiaoshuangNeural 高适-除夜作: No audio was received. Please verify that your parameters are correct.
  [ERR] zh-CN-XiaoshuangNeural 高适-送李少府贬峡中王少府贬长沙: No audio was received. Please verify that your parameters are correct.
  [ERR] zh-CN-XiaoshuangNeural 高适-营州歌: No audio was received. Please verify that your parameters are correct.
  [ERR] zh-CN-XiaoshuangNeural 高适-和王七玉门关听吹笛: No audio was received. Please verify that your parameters are correct.
  [ERR] zh-CN-XiaoshuangNeural 高适-送李侍御赴安西: No audio was received. Please verify that your parameters are correct.
  [ERR] zh-CN-XiaoshuangNeural 高适-醉后赠张九旭: No audio was received. Please verify that your parameters are correct.
  [ERR] zh-CN-XiaoshuangNeural 高适-人日寄杜二拾遗: No audio was received. Please verify that your parameters are correct.
  [ERR] zh-CN-XiaoshuangNeural 岑参-白雪歌送武判官归京: No audio was received. Please verify that your parameters are correct.
  [ERR] zh-CN-XiaoshuangNeural 岑参-逢入京使: No audio was received. Please verify that your parameters are correct.
  [ERR] zh-CN-XiaoshuangNeural 岑参-走马川行奉送出师西征: No audio was received. Please verify that your parameters are correct.
  [ERR] zh-CN-XiaoshuangNeural 岑参-碛中作: No audio was received. Please verify that your parameters are correct.
  [ERR] zh-CN-XiaoshuangNeural 岑参-山房春事: No audio was received. Please verify that your parameters are correct.
  [ERR] zh-CN-XiaoshuangNeural 岑参-春梦: No audio was received. Please verify that your parameters are correct.
  [ERR] zh-CN-XiaoshuangNeural 岑参-寄左省杜拾遗: No audio was received. Please verify that your parameters are correct.
  [ERR] zh-CN-XiaoshuangNeural 岑参-和贾舍人早朝大明宫之作: No audio was received. Please verify that your parameters are correct.
  [ERR] zh-CN-XiaoshuangNeural 岑参-轮台歌奉送封大夫出师西征: No audio was received. Please verify that your parameters are correct.
  [ERR] zh-CN-XiaoshuangNeural 岑参-热海行送崔侍御还京: No audio was received. Please verify that your parameters are correct.
  [ERR] zh-CN-XiaoshuangNeural 刘禹锡-秋词: No audio was received. Please verify that your parameters are correct.
  [ERR] zh-CN-XiaoshuangNeural 刘禹锡-乌衣巷: No audio was received. Please verify that your parameters are correct.
  [ERR] zh-CN-XiaoshuangNeural 刘禹锡-竹枝词: No audio was received. Please verify that your parameters are correct.
  [ERR] zh-CN-XiaoshuangNeural 刘禹锡-酬乐天扬州初逢席上见赠: No audio was received. Please verify that your parameters are correct.
  [ERR] zh-CN-XiaoshuangNeural 刘禹锡-浪淘沙: No audio was received. Please verify that your parameters are correct.
  [ERR] zh-CN-XiaoshuangNeural 刘禹锡-望洞庭: No audio was received. Please verify that your parameters are correct.
  [ERR] zh-CN-XiaoshuangNeural 刘禹锡-石头城: No audio was received. Please verify that your parameters are correct.
  [ERR] zh-CN-XiaoshuangNeural 刘禹锡-蜀先主庙: No audio was received. Please verify that your parameters are correct.
  [ERR] zh-CN-XiaoshuangNeural 刘禹锡-再游玄都观: No audio was received. Please verify that your parameters are correct.
  [ERR] zh-CN-XiaoshuangNeural 刘禹锡-赏牡丹: No audio was received. Please verify that your parameters are correct.
  [ERR] zh-CN-XiaoshuangNeural 柳宗元-江雪: No audio was received. Please verify that your parameters are correct.
  [ERR] zh-CN-XiaoshuangNeural 柳宗元-渔翁: No audio was received. Please verify that your parameters are correct.
  [ERR] zh-CN-XiaoshuangNeural 柳宗元-登柳州城楼寄漳汀封连四州刺史: No audio was received. Please verify that your parameters are correct.
  [ERR] zh-CN-XiaoshuangNeural 柳宗元-与浩初上人同看山寄京华亲故: No audio was received. Please verify that your parameters are correct.
  [ERR] zh-CN-XiaoshuangNeural 柳宗元-别舍弟宗一: No audio was received. Please verify that your parameters are correct.
  [ERR] zh-CN-XiaoshuangNeural 柳宗元-岭南江行: No audio was received. Please verify that your parameters are correct.
  [ERR] zh-CN-XiaoshuangNeural 柳宗元-溪居: No audio was received. Please verify that your parameters are correct.
  [ERR] zh-CN-XiaoshuangNeural 柳宗元-晨诣超师院读禅经: No audio was received. Please verify that your parameters are correct.
  [ERR] zh-CN-XiaoshuangNeural 柳宗元-酬曹侍御过象县见寄: No audio was received. Please verify that your parameters are correct.
  [ERR] zh-CN-XiaoshuangNeural 柳宗元-柳州二月榕叶落尽偶题: No audio was received. Please verify that your parameters are correct.
  [ERR] zh-CN-XiaoshuangNeural 韩愈-早春呈水部张十八员外: No audio was received. Please verify that your parameters are correct.
  [ERR] zh-CN-XiaoshuangNeural 韩愈-春雪: No audio was received. Please verify that your parameters are correct.
  [ERR] zh-CN-XiaoshuangNeural 韩愈-左迁至蓝关示侄孙湘: No audio was received. Please verify that your parameters are correct.
  [ERR] zh-CN-XiaoshuangNeural 韩愈-晚春: Cannot connect to host speech.platform.bing.com:443 ssl:<ssl.SSLContext object at 0x000002627DE0D8C0> [None]
  [ERR] zh-CN-XiaoshuangNeural 韩愈-题榴花: No audio was received. Please verify that your parameters are correct.
  [ERR] zh-CN-XiaoshuangNeural 韩愈-湘中: No audio was received. Please verify that your parameters are correct.
  [ERR] zh-CN-XiaoshuangNeural 韩愈-答张十一: No audio was received. Please verify that your parameters are correct.
  [ERR] zh-CN-XiaoshuangNeural 韩愈-题木居士二首·其一: No audio was received. Please verify that your parameters are correct.
  [ERR] zh-CN-XiaoshuangNeural 韩愈-听颖师弹琴: 503, message='Invalid response status', url='wss://speech.platform.bing.com/consumer/speech/synthesize/readaloud/edge/v1?TrustedClientToken=6A5AA1D4EAFF4E9FB37E23D68491D6F4&ConnectionId=478e333eb51247bc99df27a577fe4cde&Sec-MS-GEC=0E07CC915BE045159788F375560CF0AF21CB25C400E4EB8C8E0BACA3864D67F2&Sec-MS-GEC-Version=1-143.0.3650.75'
  [ERR] zh-CN-XiaoshuangNeural 韩愈-山石: No audio was received. Please verify that your parameters are correct.
  [421/630] mp3_kids\yunxia\libai_00_静夜思.mp3
  [422/630] mp3_kids\yunxia\libai_01_望庐山瀑布.mp3
  [423/630] mp3_kids\yunxia\libai_02_赠汪伦.mp3
  [424/630] mp3_kids\yunxia\libai_03_早发白帝城.mp3
  [425/630] mp3_kids\yunxia\libai_04_黄鹤楼送孟浩然之广陵.mp3
  [426/630] mp3_kids\yunxia\libai_05_月下独酌.mp3
  [427/630] mp3_kids\yunxia\libai_06_行路难.mp3
  [428/630] mp3_kids\yunxia\libai_07_将进酒.mp3
  [429/630] mp3_kids\yunxia\libai_08_夜宿山寺.mp3
  [430/630] mp3_kids\yunxia\libai_09_独坐敬亭山.mp3
  [431/630] mp3_kids\yunxia\libai_10_秋浦歌十七首_其十五.mp3
  [432/630] mp3_kids\yunxia\libai_11_古朗月行.mp3
  [433/630] mp3_kids\yunxia\libai_12_春夜洛城闻笛.mp3
  [434/630] mp3_kids\yunxia\libai_13_望天门山.mp3
  [435/630] mp3_kids\yunxia\libai_14_闻王昌龄左迁龙标遥有此寄.mp3
  [436/630] mp3_kids\yunxia\libai_15_峨眉山月歌.mp3
  [437/630] mp3_kids\yunxia\libai_16_渡荆门送别.mp3
  [438/630] mp3_kids\yunxia\libai_17_送友人.mp3
  [439/630] mp3_kids\yunxia\libai_18_宣州谢朓楼饯别校书叔云.mp3
  [440/630] mp3_kids\yunxia\libai_19_长相思.mp3
  [441/630] mp3_kids\yunxia\dufu_00_春望.mp3
  [ERR] zh-CN-YunxiaNeural 杜甫-春夜喜雨: Cannot connect to host speech.platform.bing.com:443 ssl:<ssl.SSLContext object at 0x000002627DE0D8C0> [None]
  [443/630] mp3_kids\yunxia\dufu_02_望岳.mp3
  [444/630] mp3_kids\yunxia\dufu_03_绝句.mp3
  [445/630] mp3_kids\yunxia\dufu_04_登高.mp3
  [446/630] mp3_kids\yunxia\dufu_05_江畔独步寻花.mp3
  [447/630] mp3_kids\yunxia\dufu_06_月夜忆舍弟.mp3
  [448/630] mp3_kids\yunxia\dufu_07_蜀相.mp3
  [449/630] mp3_kids\yunxia\dufu_08_赠花卿.mp3
  [450/630] mp3_kids\yunxia\dufu_09_江南逢李龟年.mp3
  [451/630] mp3_kids\yunxia\dufu_10_旅夜书怀.mp3
  [452/630] mp3_kids\yunxia\dufu_11_八阵图.mp3
  [453/630] mp3_kids\yunxia\dufu_12_前出塞九首_其六.mp3
  [454/630] mp3_kids\yunxia\dufu_13_绝句二首.mp3
  [455/630] mp3_kids\yunxia\dufu_14_茅屋为秋风所破歌.mp3
  [456/630] mp3_kids\yunxia\dufu_15_石壕吏.mp3
  [457/630] mp3_kids\yunxia\dufu_16_兵车行.mp3
  [458/630] mp3_kids\yunxia\dufu_17_丽人行.mp3
  [459/630] mp3_kids\yunxia\dufu_18_哀江头.mp3
  [460/630] mp3_kids\yunxia\dufu_19_哀王孙.mp3
  [461/630] mp3_kids\yunxia\wangwei_00_相思.mp3
  [462/630] mp3_kids\yunxia\wangwei_01_鹿柴.mp3
  [463/630] mp3_kids\yunxia\wangwei_02_竹里馆.mp3
  [464/630] mp3_kids\yunxia\wangwei_03_送元二使安西.mp3
  [465/630] mp3_kids\yunxia\wangwei_04_九月九日忆山东兄弟.mp3
  [466/630] mp3_kids\yunxia\wangwei_05_山居秋暝.mp3
  [467/630] mp3_kids\yunxia\wangwei_06_鸟鸣涧.mp3
  [468/630] mp3_kids\yunxia\wangwei_07_画.mp3
  [469/630] mp3_kids\yunxia\wangwei_08_杂诗.mp3
  [470/630] mp3_kids\yunxia\wangwei_09_终南别业.mp3
  [471/630] mp3_kids\yunxia\wangwei_10_使至塞上.mp3
  [472/630] mp3_kids\yunxia\wangwei_11_渭川田家.mp3
  [473/630] mp3_kids\yunxia\wangwei_12_青溪.mp3
  [474/630] mp3_kids\yunxia\wangwei_13_老将行.mp3
  [475/630] mp3_kids\yunxia\wangwei_14_桃源行.mp3
  [476/630] mp3_kids\yunxia\wangwei_15_陇西行.mp3
  [477/630] mp3_kids\yunxia\wangwei_16_少年行.mp3
  [478/630] mp3_kids\yunxia\wangwei_17_观猎.mp3
  [479/630] mp3_kids\yunxia\wangwei_18_汉江临眺.mp3
  [480/630] mp3_kids\yunxia\wangwei_19_积雨辋川庄作.mp3
  [481/630] mp3_kids\yunxia\baijuyi_00_赋得古原草送别.mp3
  [482/630] mp3_kids\yunxia\baijuyi_01_忆江南.mp3
  [483/630] mp3_kids\yunxia\baijuyi_02_暮江吟.mp3
  [484/630] mp3_kids\yunxia\baijuyi_03_池上.mp3
  [485/630] mp3_kids\yunxia\baijuyi_04_钱塘湖春行.mp3
  [486/630] mp3_kids\yunxia\baijuyi_05_问刘十九.mp3
  [487/630] mp3_kids\yunxia\baijuyi_06_大林寺桃花.mp3
  [488/630] mp3_kids\yunxia\baijuyi_07_夜雪.mp3
  [489/630] mp3_kids\yunxia\baijuyi_08_卖炭翁.mp3
  [490/630] mp3_kids\yunxia\baijuyi_09_长恨歌_节选_.mp3
  [491/630] mp3_kids\yunxia\baijuyi_10_琵琶行_节选_.mp3
  [492/630] mp3_kids\yunxia\baijuyi_11_观刈麦.mp3
  [493/630] mp3_kids\yunxia\baijuyi_12_白云泉.mp3
  [494/630] mp3_kids\yunxia\baijuyi_13_后宫词.mp3
  [495/630] mp3_kids\yunxia\baijuyi_14_花非花.mp3
  [496/630] mp3_kids\yunxia\baijuyi_15_放言五首_其三.mp3
  [497/630] mp3_kids\yunxia\baijuyi_16_与梦得沽酒闲饮且约后期.mp3
  [498/630] mp3_kids\yunxia\baijuyi_17_邯郸冬至夜思家.mp3
  [499/630] mp3_kids\yunxia\baijuyi_18_秋雨夜眠.mp3
  [500/630] mp3_kids\yunxia\baijuyi_19_舟中读元九诗.mp3
  [501/630] mp3_kids\yunxia\lisan_00_夜雨寄北.mp3
  [502/630] mp3_kids\yunxia\lisan_01_登乐游原.mp3
  [503/630] mp3_kids\yunxia\lisan_02_锦瑟.mp3
  [504/630] mp3_kids\yunxia\lisan_03_无题.mp3
  [505/630] mp3_kids\yunxia\lisan_04_嫦娥.mp3
  [506/630] mp3_kids\yunxia\lisan_05_贾生.mp3
  [507/630] mp3_kids\yunxia\lisan_06_霜月.mp3
  [508/630] mp3_kids\yunxia\lisan_07_宿骆氏亭寄怀崔雍崔衮.mp3
  [509/630] mp3_kids\yunxia\lisan_08_风雨.mp3
  [510/630] mp3_kids\yunxia\lisan_09_落花.mp3
  [511/630] mp3_kids\yunxia\lisan_10_凉思.mp3
  [512/630] mp3_kids\yunxia\lisan_11_北青萝.mp3
  [513/630] mp3_kids\yunxia\lisan_12_蝉.mp3
  [514/630] mp3_kids\yunxia\lisan_13_无题二首_其一.mp3
  [515/630] mp3_kids\yunxia\lisan_14_隋宫.mp3
  [516/630] mp3_kids\yunxia\lisan_15_马嵬.mp3
  [517/630] mp3_kids\yunxia\lisan_16_为有.mp3
  [518/630] mp3_kids\yunxia\lisan_17_瑶池.mp3
  [519/630] mp3_kids\yunxia\lisan_18_重过圣女祠.mp3
  [520/630] mp3_kids\yunxia\lisan_19_韩碑.mp3
  [521/630] mp3_kids\yunxia\duomu_00_清明.mp3
  [522/630] mp3_kids\yunxia\duomu_01_山行.mp3
  [523/630] mp3_kids\yunxia\duomu_02_江南春.mp3
  [524/630] mp3_kids\yunxia\duomu_03_泊秦淮.mp3
  [525/630] mp3_kids\yunxia\duomu_04_秋夕.mp3
  [526/630] mp3_kids\yunxia\duomu_05_赤壁.mp3
  [527/630] mp3_kids\yunxia\duomu_06_赠别.mp3
  [528/630] mp3_kids\yunxia\duomu_07_寄扬州韩绰判官.mp3
  [529/630] mp3_kids\yunxia\duomu_08_题乌江亭.mp3
  [530/630] mp3_kids\yunxia\duomu_09_过华清宫.mp3
  [531/630] mp3_kids\yunxia\duomu_10_金谷园.mp3
  [532/630] mp3_kids\yunxia\duomu_11_遣怀.mp3
  [533/630] mp3_kids\yunxia\duomu_12_叹花.mp3
  [534/630] mp3_kids\yunxia\duomu_13_紫薇花.mp3
  [535/630] mp3_kids\yunxia\duomu_14_齐安郡后池绝句.mp3
  [536/630] mp3_kids\yunxia\duomu_15_题齐安城楼.mp3
  [537/630] mp3_kids\yunxia\duomu_16_初冬夜饮.mp3
  [538/630] mp3_kids\yunxia\duomu_17_屏风绝句.mp3
  [539/630] mp3_kids\yunxia\duomu_18_念昔游三首_其一.mp3
  [540/630] mp3_kids\yunxia\duomu_19_题木兰庙.mp3
  [541/630] mp3_kids\yunxia\meng_00_春晓.mp3
  [542/630] mp3_kids\yunxia\meng_01_过故人庄.mp3
  [543/630] mp3_kids\yunxia\meng_02_宿建德江.mp3
  [544/630] mp3_kids\yunxia\meng_03_望洞庭湖赠张丞相.mp3
  [545/630] mp3_kids\yunxia\meng_04_夜归鹿门歌.mp3
  [546/630] mp3_kids\yunxia\meng_05_与诸子登岘山.mp3
  [547/630] mp3_kids\yunxia\meng_06_夏日南亭怀辛大.mp3
  [548/630] mp3_kids\yunxia\meng_07_岁暮归南山.mp3
  [549/630] mp3_kids\yunxia\meng_08_留别王维.mp3
  [ERR] zh-CN-YunxiaNeural 孟浩然-秋登兰山寄张五: Cannot connect to host speech.platform.bing.com:443 ssl:<ssl.SSLContext object at 0x000002627DE0D8C0> [None]
  [551/630] mp3_kids\yunxia\meng_10_宿桐庐江寄广陵旧游.mp3
  [552/630] mp3_kids\yunxia\meng_11_早寒江上有怀.mp3
  [553/630] mp3_kids\yunxia\meng_12_题大禹寺义公禅房.mp3
  [554/630] mp3_kids\yunxia\meng_13_宿业师山房期丁大不至.mp3
  [555/630] mp3_kids\yunxia\meng_14_秦中寄远上人.mp3
  [556/630] mp3_kids\yunxia\meng_15_洛中访袁拾遗不遇.mp3
  [557/630] mp3_kids\yunxia\meng_16_送杜十四之江南.mp3
  [558/630] mp3_kids\yunxia\meng_17_渡浙江问舟中人.mp3
  [559/630] mp3_kids\yunxia\meng_18_送朱大入秦.mp3
  [ERR] zh-CN-YunxiaNeural 孟浩然-送友人之京: Cannot connect to host speech.platform.bing.com:443 ssl:<ssl.SSLContext object at 0x000002627DE0D8C0> [None]
  [561/630] mp3_kids\yunxia\wangzhihuan_00_登鹳雀楼.mp3
  [562/630] mp3_kids\yunxia\wangzhihuan_01_凉州词.mp3
  [563/630] mp3_kids\yunxia\wangzhihuan_02_送别.mp3
  [564/630] mp3_kids\yunxia\wangzhihuan_03_宴词.mp3
  [565/630] mp3_kids\yunxia\wangzhihuan_04_九日送别.mp3
  [566/630] mp3_kids\yunxia\hezhizhang_00_咏柳.mp3
  [567/630] mp3_kids\yunxia\hezhizhang_01_回乡偶书.mp3
  [568/630] mp3_kids\yunxia\hezhizhang_02_回乡偶书_其二.mp3
  [569/630] mp3_kids\yunxia\hezhizhang_03_采莲曲.mp3
  [570/630] mp3_kids\yunxia\hezhizhang_04_答朝士.mp3
  [571/630] mp3_kids\yunxia\wangchangling_00_出塞.mp3
  [572/630] mp3_kids\yunxia\wangchangling_01_芙蓉楼送辛渐.mp3
  [573/630] mp3_kids\yunxia\wangchangling_02_从军行.mp3
  [574/630] mp3_kids\yunxia\wangchangling_03_闺怨.mp3
  [575/630] mp3_kids\yunxia\wangchangling_04_长信怨.mp3
  [576/630] mp3_kids\yunxia\wangchangling_05_采莲曲.mp3
  [577/630] mp3_kids\yunxia\wangchangling_06_塞下曲.mp3
  [578/630] mp3_kids\yunxia\wangchangling_07_送柴侍御.mp3
  [579/630] mp3_kids\yunxia\wangchangling_08_西宫春怨.mp3
  [580/630] mp3_kids\yunxia\wangchangling_09_春宫曲.mp3
  [581/630] mp3_kids\yunxia\gaoshi_00_别董大.mp3
  [582/630] mp3_kids\yunxia\gaoshi_01_燕歌行.mp3
  [583/630] mp3_kids\yunxia\gaoshi_02_塞上听吹笛.mp3
  [584/630] mp3_kids\yunxia\gaoshi_03_除夜作.mp3
  [585/630] mp3_kids\yunxia\gaoshi_04_送李少府贬峡中王少府贬长沙.mp3
  [586/630] mp3_kids\yunxia\gaoshi_05_营州歌.mp3
  [587/630] mp3_kids\yunxia\gaoshi_06_和王七玉门关听吹笛.mp3
  [588/630] mp3_kids\yunxia\gaoshi_07_送李侍御赴安西.mp3
  [589/630] mp3_kids\yunxia\gaoshi_08_醉后赠张九旭.mp3
  [590/630] mp3_kids\yunxia\gaoshi_09_人日寄杜二拾遗.mp3
  [591/630] mp3_kids\yunxia\cencan_00_白雪歌送武判官归京.mp3
  [592/630] mp3_kids\yunxia\cencan_01_逢入京使.mp3
  [593/630] mp3_kids\yunxia\cencan_02_走马川行奉送出师西征.mp3
  [594/630] mp3_kids\yunxia\cencan_03_碛中作.mp3
  [595/630] mp3_kids\yunxia\cencan_04_山房春事.mp3
  [596/630] mp3_kids\yunxia\cencan_05_春梦.mp3
  [597/630] mp3_kids\yunxia\cencan_06_寄左省杜拾遗.mp3
  [598/630] mp3_kids\yunxia\cencan_07_和贾舍人早朝大明宫之作.mp3
  [599/630] mp3_kids\yunxia\cencan_08_轮台歌奉送封大夫出师西征.mp3
  [600/630] mp3_kids\yunxia\cencan_09_热海行送崔侍御还京.mp3
  [601/630] mp3_kids\yunxia\liu_00_秋词.mp3
  [602/630] mp3_kids\yunxia\liu_01_乌衣巷.mp3
  [603/630] mp3_kids\yunxia\liu_02_竹枝词.mp3
  [604/630] mp3_kids\yunxia\liu_03_酬乐天扬州初逢席上见赠.mp3
  [605/630] mp3_kids\yunxia\liu_04_浪淘沙.mp3
  [606/630] mp3_kids\yunxia\liu_05_望洞庭.mp3
  [607/630] mp3_kids\yunxia\liu_06_石头城.mp3
  [608/630] mp3_kids\yunxia\liu_07_蜀先主庙.mp3
  [609/630] mp3_kids\yunxia\liu_08_再游玄都观.mp3
  [610/630] mp3_kids\yunxia\liu_09_赏牡丹.mp3
  [611/630] mp3_kids\yunxia\liuhe_00_江雪.mp3
  [612/630] mp3_kids\yunxia\liuhe_01_渔翁.mp3
  [613/630] mp3_kids\yunxia\liuhe_02_登柳州城楼寄漳汀封连四州刺史.mp3
  [614/630] mp3_kids\yunxia\liuhe_03_与浩初上人同看山寄京华亲故.mp3
  [615/630] mp3_kids\yunxia\liuhe_04_别舍弟宗一.mp3
  [616/630] mp3_kids\yunxia\liuhe_05_岭南江行.mp3
  [ERR] zh-CN-YunxiaNeural 柳宗元-溪居: Cannot connect to host speech.platform.bing.com:443 ssl:<ssl.SSLContext object at 0x000002627DE0D8C0> [None]
  [618/630] mp3_kids\yunxia\liuhe_07_晨诣超师院读禅经.mp3
  [619/630] mp3_kids\yunxia\liuhe_08_酬曹侍御过象县见寄.mp3
  [620/630] mp3_kids\yunxia\liuhe_09_柳州二月榕叶落尽偶题.mp3
  [621/630] mp3_kids\yunxia\hanshan_00_早春呈水部张十八员外.mp3
  [622/630] mp3_kids\yunxia\hanshan_01_春雪.mp3
  [623/630] mp3_kids\yunxia\hanshan_02_左迁至蓝关示侄孙湘.mp3
  [624/630] mp3_kids\yunxia\hanshan_03_晚春.mp3
  [625/630] mp3_kids\yunxia\hanshan_04_题榴花.mp3
  [626/630] mp3_kids\yunxia\hanshan_05_湘中.mp3
  [627/630] mp3_kids\yunxia\hanshan_06_答张十一.mp3
  [628/630] mp3_kids\yunxia\hanshan_07_题木居士二首_其一.mp3
  [629/630] mp3_kids\yunxia\hanshan_08_听颖师弹琴.mp3
  [630/630] mp3_kids\yunxia\hanshan_09_山石.mp3

完成！音频保存在 ./mp3_kids/<音色>/ 目录
Exception ignored in: <function _ProactorBasePipeTransport.__del__ at 0x000002627D3581F0>
Traceback (most recent call last):
  File "D:\Program Files\python38\lib\asyncio\proactor_events.py", line 116, in __del__
    self.close()
  File "D:\Program Files\python38\lib\asyncio\proactor_events.py", line 108, in close
    self._loop.call_soon(self._call_connection_lost, None)
  File "D:\Program Files\python38\lib\asyncio\base_events.py", line 719, in call_soon
    self._check_closed()
  File "D:\Program Files\python38\lib\asyncio\base_events.py", line 508, in _check_closed
    raise RuntimeError('Event loop is closed')
RuntimeError: Event loop is closed
